******************************************************************************
                  TI ARM Linker PC v18.1.1                     
******************************************************************************
>> Linked Tue Mar 12 21:32:44 2019

OUTPUT FILE NAME:   <keypad_tivac.out>
ENTRY POINT SYMBOL: "_c_int00_noargs"  address: 00000cc9


MEMORY CONFIGURATION

         name            origin    length      used     unused   attr    fill
----------------------  --------  ---------  --------  --------  ----  --------
  FLASH                 00000000   00040000  00000f94  0003f06c  R  X
  SRAM                  20000000   00008000  00000239  00007dc7  RW X


SEGMENT ALLOCATION MAP

run origin  load origin   length   init length attrs members
----------  ----------- ---------- ----------- ----- -------
00000000    00000000    00000f98   00000f98    r-x
  00000000    00000000    0000026c   0000026c    r-- .intvecs
  0000026c    0000026c    00000bfc   00000bfc    r-x .text
  00000e68    00000e68    000000fc   000000fc    r-- .const
  00000f68    00000f68    00000030   00000030    r-- .cinit
20000000    20000000    00000239   00000000    rw-
  20000000    20000000    00000200   00000000    rw- .stack
  20000200    20000200    00000034   00000000    rw- .bss
  20000234    20000234    00000005   00000000    rw- .data


SECTION ALLOCATION MAP

 output                                  attributes/
section   page    origin      length       input sections
--------  ----  ----------  ----------   ----------------
.intvecs   0    00000000    0000026c     
                  00000000    0000026c     tm4c123gh6pm_startup_ccs.obj (.intvecs)

.text      0    0000026c    00000bfc     
                  0000026c    0000024c     LCD.obj (.text)
                  000004b8    00000200     TTC_Schedular.obj (.text)
                  000006b8    00000132     driverlib.lib : gpio.obj (.text:GPIOPadConfigSet)
                  000007ea    00000002     --HOLE-- [fill = 0]
                  000007ec    00000110                   : sysctl.obj (.text:SysCtlClockGet)
                  000008fc    000000b4     Tasks.obj (.text)
                  000009b0    0000009c     rtsv7M4_T_le_v4SPD16_eabi.lib : memcpy_t2.asm.obj (.text)
                  00000a4c    00000078     UART.obj (.text)
                  00000ac4    00000068     rtsv7M4_T_le_v4SPD16_eabi.lib : copy_decompress_lzss.c.obj (.text:decompress:lzss:__TI_decompress_lzss)
                  00000b2c    00000058     main.obj (.text)
                  00000b84    00000048     driverlib.lib : gpio.obj (.text:GPIOPinConfigure)
                  00000bcc    00000046                   : uart.obj (.text:UARTConfigSetExpClk)
                  00000c12    00000002     --HOLE-- [fill = 0]
                  00000c14    00000044     rtsv7M4_T_le_v4SPD16_eabi.lib : autoinit.c.obj (.text:__TI_auto_init_nobinit_nopinit:__TI_auto_init_nobinit_nopinit)
                  00000c58    00000038     driverlib.lib : sysctl.obj (.text:SysCtlPeripheralReady)
                  00000c90    00000038     Timer.obj (.text)
                  00000cc8    00000038     rtsv7M4_T_le_v4SPD16_eabi.lib : boot_cortex_m.c.obj (.text:_c_int00_noargs:_c_int00_noargs)
                  00000d00    00000034     driverlib.lib : sysctl.obj (.text:SysCtlPeripheralEnable)
                  00000d34    0000002a                   : gpio.obj (.text:GPIODirModeSet)
                  00000d5e    00000002     --HOLE-- [fill = 0]
                  00000d60    00000020                   : uart.obj (.text:UARTDisable)
                  00000d80    00000018                   : gpio.obj (.text:GPIOPinTypeGPIOOutput)
                  00000d98    00000014                   : systick.obj (.text:SysTickEnable)
                  00000dac    00000014                   : systick.obj (.text:SysTickIntEnable)
                  00000dc0    00000014                   : uart.obj (.text:UARTEnable)
                  00000dd4    00000012                   : gpio.obj (.text:GPIOPinTypeUART)
                  00000de6    00000012     rtsv7M4_T_le_v4SPD16_eabi.lib : copy_zero_init.c.obj (.text:decompress:ZI:__TI_zero_init_nomemset:__TI_zero_init_nomemset)
                  00000df8    00000010     driverlib.lib : interrupt.obj (.text:IntMasterEnable)
                  00000e08    00000010                   : systick.obj (.text:SysTickPeriodSet)
                  00000e18    0000000e                   : uart.obj (.text:UARTCharGetNonBlocking)
                  00000e26    0000000e                   : uart.obj (.text:UARTCharsAvail)
                  00000e34    0000000e     rtsv7M4_T_le_v4SPD16_eabi.lib : copy_decompress_none.c.obj (.text:decompress:none:__TI_decompress_none)
                  00000e42    0000000c     driverlib.lib : cpu.obj (.text:CPUcpsie)
                  00000e4e    0000000c     tm4c123gh6pm_startup_ccs.obj (.text)
                  00000e5a    00000006     driverlib.lib : gpio.obj (.text:GPIOPinWrite)
                  00000e60    00000004     rtsv7M4_T_le_v4SPD16_eabi.lib : pre_init.c.obj (.text:_system_pre_init)
                  00000e64    00000004                                   : exit.c.obj (.text:abort:abort)

.const     0    00000e68    000000fc     
                  00000e68    00000090     driverlib.lib : gpio.obj (.const:g_pui32GPIOBaseAddrs)
                  00000ef8    0000006c                   : sysctl.obj (.const:g_pui32Xtals)

.cinit     0    00000f68    00000030     
                  00000f68    0000000c     (__TI_handler_table)
                  00000f74    00000004     --HOLE-- [fill = 0]
                  00000f78    00000008     (.cinit..bss.load) [load image, compression = zero_init]
                  00000f80    00000007     (.cinit..data.load) [load image, compression = lzss]
                  00000f87    00000001     --HOLE-- [fill = 0]
                  00000f88    00000010     (__TI_cinit_table)

.init_array 
*          0    00000000    00000000     UNINITIALIZED

.bss       0    20000200    00000034     UNINITIALIZED
                  20000200    00000030     (.common:Task_arr)
                  20000230    00000004     (.common:Call_Back)

.data      0    20000234    00000005     UNINITIALIZED
                  20000234    00000003     LCD.obj (.data)
                  20000237    00000002     TTC_Schedular.obj (.data)

.stack     0    20000000    00000200     UNINITIALIZED
                  20000000    00000004     rtsv7M4_T_le_v4SPD16_eabi.lib : boot_cortex_m.c.obj (.stack)
                  20000004    000001fc     --HOLE--

MODULE SUMMARY

       Module                         code   ro data   rw data
       ------                         ----   -------   -------
    .\
       tm4c123gh6pm_startup_ccs.obj   12     620       0      
       TTC_Schedular.obj              512    0         50     
       main.obj                       88     0         0      
       Timer.obj                      56     0         4      
    +--+------------------------------+------+---------+---------+
       Total:                         668    620       54     
                                                              
    .\LCD_FILE\
       LCD.obj                        588    0         3      
    +--+------------------------------+------+---------+---------+
       Total:                         588    0         3      
                                                              
    .\Tasks\
       Tasks.obj                      180    0         0      
    +--+------------------------------+------+---------+---------+
       Total:                         180    0         0      
                                                              
    .\UART_FILE\
       UART.obj                       120    0         0      
    +--+------------------------------+------+---------+---------+
       Total:                         120    0         0      
                                                              
    C:/ti/TivaWare_C_Series-2.1.4.178/driverlib/ccs/Debug/driverlib.lib
       gpio.obj                       468    144       0      
       sysctl.obj                     380    108       0      
       uart.obj                       150    0         0      
       systick.obj                    56     0         0      
       interrupt.obj                  16     0         0      
       cpu.obj                        12     0         0      
    +--+------------------------------+------+---------+---------+
       Total:                         1082   252       0      
                                                              
    C:\ti\ccsv8\tools\compiler\ti-cgt-arm_18.1.1.LTS\lib\rtsv7M4_T_le_v4SPD16_eabi.lib
       memcpy_t2.asm.obj              156    0         0      
       copy_decompress_lzss.c.obj     104    0         0      
       autoinit.c.obj                 68     0         0      
       boot_cortex_m.c.obj            56     0         0      
       copy_zero_init.c.obj           18     0         0      
       copy_decompress_none.c.obj     14     0         0      
       exit.c.obj                     4      0         0      
       pre_init.c.obj                 4      0         0      
    +--+------------------------------+------+---------+---------+
       Total:                         424    0         0      
                                                              
       Stack:                         0      0         512    
       Linker Generated:              0      43        0      
    +--+------------------------------+------+---------+---------+
       Grand Total:                   3062   915       569    


LINKER GENERATED COPY TABLES

__TI_cinit_table @ 00000f88 records: 2, size/record: 8, table size: 16
	.bss: load addr=00000f78, load size=00000008 bytes, run addr=20000200, run size=00000034 bytes, compression=zero_init
	.data: load addr=00000f80, load size=00000007 bytes, run addr=20000234, run size=00000005 bytes, compression=lzss


LINKER GENERATED HANDLER TABLE

__TI_handler_table @ 00000f68 records: 3, size/record: 4, table size: 12
	index: 0, handler: __TI_decompress_lzss
	index: 1, handler: __TI_decompress_none
	index: 2, handler: __TI_zero_init


GLOBAL SYMBOLS: SORTED ALPHABETICALLY BY Name 

address   name                          
-------   ----                          
00000e65  C$$EXIT                       
00000e43  CPUcpsie                      
20000230  Call_Back                     
00000d35  GPIODirModeSet                
000006b9  GPIOPadConfigSet              
00000b85  GPIOPinConfigure              
00000d81  GPIOPinTypeGPIOOutput         
00000dd5  GPIOPinTypeUART               
00000e5b  GPIOPinWrite                  
00000df9  IntMasterEnable               
0000097d  KTR                           
000008fd  LCD_INIT                      
0000026d  LCD_Send_Command              
0000038b  LCD_Send_Data                 
20000237  NewTickFlag                   
20000238  No_Of_Tasks                   
0000066b  OS_scheduler_Init             
00000679  OS_scheduler_Start            
00000e4f  ResetISR                      
00000c91  Set_Call_Back                 
00000693  Set_flag                      
000004b9  Simple_Schedular              
00000563  Sort_Tasks                    
000007ed  SysCtlClockGet                
00000d01  SysCtlPeripheralEnable        
00000c59  SysCtlPeripheralReady         
00000d99  SysTickEnable                 
00000dad  SysTickIntEnable              
00000e09  SysTickPeriodSet              
00000cb9  SysTick_Handler               
20000200  Task_arr                      
00000ca1  Timer_init_INT                
00000a4d  UART5_INIT                    
00000a8d  UART5_RecieveChar             
00000e19  UARTCharGetNonBlocking        
00000e27  UARTCharsAvail                
00000bcd  UARTConfigSetExpClk           
00000d61  UARTDisable                   
00000dc1  UARTEnable                    
20000200  __STACK_END                   
00000200  __STACK_SIZE                  
20000200  __STACK_TOP                   
00000f88  __TI_CINIT_Base               
00000f98  __TI_CINIT_Limit              
00000f68  __TI_Handler_Table_Base       
00000f74  __TI_Handler_Table_Limit      
00000c15  __TI_auto_init_nobinit_nopinit
00000ac5  __TI_decompress_lzss          
00000e35  __TI_decompress_none          
ffffffff  __TI_pprof_out_hndl           
ffffffff  __TI_prof_data_size           
ffffffff  __TI_prof_data_start          
00000000  __TI_static_base__            
00000de7  __TI_zero_init_nomemset       
000009b1  __aeabi_memcpy                
000009b1  __aeabi_memcpy4               
000009b1  __aeabi_memcpy8               
ffffffff  __binit__                     
ffffffff  __c_args__                    
UNDEFED   __mpu_init                    
20000000  __stack                       
00000cc9  _c_int00_noargs               
UNDEFED   _system_post_cinit            
00000e61  _system_pre_init              
00000e65  abort                         
ffffffff  binit                         
00000000  g_pfnVectors                  
20000236  h                             
20000235  i                             
20000234  j                             
00000b2d  main                          
000009b1  memcpy                        
00000521  scheduler_Add_Task            
0000061b  scheduler_Remove_Task         


GLOBAL SYMBOLS: SORTED BY Symbol Address 

address   name                          
-------   ----                          
00000000  __TI_static_base__            
00000000  g_pfnVectors                  
00000200  __STACK_SIZE                  
0000026d  LCD_Send_Command              
0000038b  LCD_Send_Data                 
000004b9  Simple_Schedular              
00000521  scheduler_Add_Task            
00000563  Sort_Tasks                    
0000061b  scheduler_Remove_Task         
0000066b  OS_scheduler_Init             
00000679  OS_scheduler_Start            
00000693  Set_flag                      
000006b9  GPIOPadConfigSet              
000007ed  SysCtlClockGet                
000008fd  LCD_INIT                      
0000097d  KTR                           
000009b1  __aeabi_memcpy                
000009b1  __aeabi_memcpy4               
000009b1  __aeabi_memcpy8               
000009b1  memcpy                        
00000a4d  UART5_INIT                    
00000a8d  UART5_RecieveChar             
00000ac5  __TI_decompress_lzss          
00000b2d  main                          
00000b85  GPIOPinConfigure              
00000bcd  UARTConfigSetExpClk           
00000c15  __TI_auto_init_nobinit_nopinit
00000c59  SysCtlPeripheralReady         
00000c91  Set_Call_Back                 
00000ca1  Timer_init_INT                
00000cb9  SysTick_Handler               
00000cc9  _c_int00_noargs               
00000d01  SysCtlPeripheralEnable        
00000d35  GPIODirModeSet                
00000d61  UARTDisable                   
00000d81  GPIOPinTypeGPIOOutput         
00000d99  SysTickEnable                 
00000dad  SysTickIntEnable              
00000dc1  UARTEnable                    
00000dd5  GPIOPinTypeUART               
00000de7  __TI_zero_init_nomemset       
00000df9  IntMasterEnable               
00000e09  SysTickPeriodSet              
00000e19  UARTCharGetNonBlocking        
00000e27  UARTCharsAvail                
00000e35  __TI_decompress_none          
00000e43  CPUcpsie                      
00000e4f  ResetISR                      
00000e5b  GPIOPinWrite                  
00000e61  _system_pre_init              
00000e65  C$$EXIT                       
00000e65  abort                         
00000f68  __TI_Handler_Table_Base       
00000f74  __TI_Handler_Table_Limit      
00000f88  __TI_CINIT_Base               
00000f98  __TI_CINIT_Limit              
20000000  __stack                       
20000200  Task_arr                      
20000200  __STACK_END                   
20000200  __STACK_TOP                   
20000230  Call_Back                     
20000234  j                             
20000235  i                             
20000236  h                             
20000237  NewTickFlag                   
20000238  No_Of_Tasks                   
ffffffff  __TI_pprof_out_hndl           
ffffffff  __TI_prof_data_size           
ffffffff  __TI_prof_data_start          
ffffffff  __binit__                     
ffffffff  __c_args__                    
ffffffff  binit                         
UNDEFED   __mpu_init                    
UNDEFED   _system_post_cinit            

[74 symbols]
